Creating dummy product...
Product created: {
  glass_type: 'None',
  selling_price: 0,
  reorder_level: 5,
  id: 11,
  part_number: 'TEST-PART-1771475970049',
  description: 'Test Product for Purchase Flow',
  purchase_price: 100,
  stock_quantity: 10,
  location: 'A1',
  updatedAt: 2026-02-19T04:39:30.051Z,
  createdAt: 2026-02-19T04:39:30.051Z
}
Simulating Purchase Request...
node : Test failed 
message: 
SQLITE_ERROR: table 
Purchases has no 
column named 
supplier_name
At line:1 char:1
+ node "backend/scrip
ts/test_purchase_flow
.js" > 
test_output.txt 2>&1
+ ~~~~~~~~~~~~~~~~~~~
~~~~~~~~~~~~~~~~~~~~~
~~~~~~~~~~~~~~~~~~~~~
~~~~~~
    + CategoryInfo   
           : NotSpe  
  cified: (Test fa   
 iled mes...d sup    
plier_name:Strin    
g) [], RemoteExc    
eption
    + FullyQualified 
   ErrorId : Native  
  CommandError
 
Test failed stack: 
Error
    at 
Database.<anonymous> 
(D:\consultancy proje
ct\backend\node_modul
es\sequelize\lib\dial
ects\sqlite\query.js:
185:27)
    at 
D:\consultancy projec
t\backend\node_module
s\sequelize\lib\diale
cts\sqlite\query.js:1
83:50
    at new Promise 
(<anonymous>)
    at Query.run 
(D:\consultancy proje
ct\backend\node_modul
es\sequelize\lib\dial
ects\sqlite\query.js:
183:12)
    at 
D:\consultancy projec
t\backend\node_module
s\sequelize\lib\seque
lize.js:315:28
    at async SQLiteQu
eryInterface.insert 
(D:\consultancy proje
ct\backend\node_modul
es\sequelize\lib\dial
ects\abstract\query-i
nterface.js:308:21)
    at async 
model.save 
(D:\consultancy proje
ct\backend\node_modul
es\sequelize\lib\mode
l.js:2490:35)
    at async 
Purchase.create 
(D:\consultancy proje
ct\backend\node_modul
es\sequelize\lib\mode
l.js:1362:12)
    at async 
testPurchaseFlow 
(D:\consultancy proje
ct\backend\scripts\te
st_purchase_flow.js:4
8:30)
